===== integration =====
exit_status=0
===== rustfmt =====
exit_status=0
===== npm-install =====

added 4 packages, and audited 5 packages in 948ms

found 0 vulnerabilities
exit_status=0
===== browser-build =====

> project-interlink-planet-engine@0.1.0 build
> node --input-type=module -e "import { rmSync } from 'node:fs'; rmSync('dist', { recursive: true, force: true });" && tsc -p tsconfig.json

exit_status=0
===== browser-tests =====

> project-interlink-planet-engine@0.1.0 test:ts
> tsx --test tests/*.test.ts

TAP version 13
# Subtest: GitHub Pages root serves the standalone Planet Engine Lab
not ok 1 - GitHub Pages root serves the standalone Planet Engine Lab
  ---
  duration_ms: 2.679775
  type: 'test'
  location: '/home/runner/work/Planet-Engine/Planet-Engine/tests/pages.test.ts:5:1'
  failureType: 'testCodeFailure'
  error: |-
    The input did not match the regular expression /dist\/worldgen\/diagnostics\/worldgenInheritanceLabStandalone\.js/. Input:
    
    '<!DOCTYPE html>\n' +
      '<html lang="en">\n' +
      '<head>\n' +
      '  <meta charset="UTF-8">\n' +
      '  <meta name="viewport" content="width=device-width, initial-scale=1.0">\n' +
      '  <title>Planet Engine · WG-4 Lab</title>\n' +
      '  <link rel="stylesheet" href="styles/base.css">\n' +
      '  <link rel="stylesheet" href="styles/worldgenLab.css">\n' +
      '</head>\n' +
      '<body class="worldgen-lab-body">\n' +
      '  <main class="worldgen-lab">\n' +
      '    <header class="worldgen-lab-header"><div><p class="worldgen-lab-kicker">PLANET ENGINE · WG-4</p><h1>PLANET ENGINE LAB</h1><p>Initial physical topography derived from inherited crust, tectonic boundary provenance, lithospheric mechanics, mantle support, and an explicit global water-volume solve.</p></div></header>\n' +
      '    <section class="worldgen-lab-controls" aria-label="WG-4 topography controls">\n' +
      '      <label>Seed <input id="worldgen-seed" type="text" value="interlink-wg4"></label>\n' +
      '      <label>Coarse physical level <input id="worldgen-coarse-level" type="number" min="0" max="6" value="4"></label>\n' +
      '      <label>Fine terrain level <input id="worldgen-level" type="number" min="0" max="7" value="6"></label>\n' +
      '      <label>Plate count <input id="worldgen-plates" type="number" min="4" max="48" value="16"></label>\n' +
      '      <label>Projection <select id="worldgen-projection"><option value="globe">Orthographic globe</option><option value="map">Equirectangular map</option></select></label>\n' +
      '      <label>Diagnostic <select id="worldgen-visualization">\n' +
      '        <optgroup label="Physical surface"><option value="relative-elevation" selected>Elevation above sea level</option><option value="solid-elevation">Solid elevation / datum</option><option value="land-water">Land / water</option><option value="water-depth">Bathymetry / water depth</option></optgroup>\n' +
      '        <optgroup label="Topographic forcing"><option value="isostatic">Isostatic support</option><option value="thermal">Oceanic thermal subsidence</option><option value="orogenic">Orogenic / collision uplift</option><option value="ridge-relief">Ridge relief</option><option value="rift-basin">Rift / basin subsidence</option><option value="trench-relief">Trench relief</option><option value="arc-relief">Volcanic arc relief</option><option value="mantle-relief">Mantle dynamic support</option></optgroup>\n' +
      '        <optgroup label="Context"><option value="plates">Macro plate ownership</option><option value="geological-boundaries">Inherited geological boundaries</option></optgroup>\n' +
      '      </select></label>\n' +
      '      <button id="worldgen-generate" type="button">Generate topography</button>\n' +
      '    </section>\n' +
      '    <p id="worldgen-status" class="worldgen-lab-status">Initializing Planet Engine Worker…</p>\n' +
      '    <section class="worldgen-lab-grid"><div class="worldgen-lab-viewport"><canvas id="worldgen-field" aria-label="WG-4 physical topography diagnostics"></canvas></div><aside><h2>Physical diagnostics</h2><div id="worldgen-metrics" class="worldgen-lab-metrics"></div><div class="worldgen-lab-note"><strong>WG-4 scope</strong><p>The solid surface combines crustal isostatic support, oceanic age subsidence, collision/ridge/rift/subduction morphology, inherited basin tendency, broad mantle support, and lithospheric mechanical filtering.</p><p>Earth-like surface-water mass is converted to a physical volume and solved against the generated basin geometry to derive sea level, bathymetry, and initial land/ocean distribution.</p><p>This is pre-erosional tectonic topography. No climate, drainage, river incision, sediment transport, glaciation, detailed lithology, resource deposits, Regions, Features, or gameplay cutover are generated here.</p></div></aside></section>\n' +
      '  </main>\n' +
      '  <script type="module" src="dist/worldgen/diagnostics/worldgenTopographyLabStandalone.js"></script>\n' +
      '</body>\n' +
      '</html>\n'
    
  code: 'ERR_ASSERTION'
  name: 'AssertionError'
  expected:
  actual: |-
    <!DOCTYPE html>
    <html lang="en">
    <head>
      <meta charset="UTF-8">
      <meta name="viewport" content="width=device-width, initial-scale=1.0">
      <title>Planet Engine · WG-4 Lab</title>
      <link rel="stylesheet" href="styles/base.css">
      <link rel="stylesheet" href="styles/worldgenLab.css">
    </head>
    <body class="worldgen-lab-body">
      <main class="worldgen-lab">
        <header class="worldgen-lab-header"><div><p class="worldgen-lab-kicker">PLANET ENGINE · WG-4</p><h1>PLANET ENGINE LAB</h1><p>Initial physical topography derived from inherited crust, tectonic boundary provenance, lithospheric mechanics, mantle support, and an explicit global water-volume solve.</p></div></header>
        <section class="worldgen-lab-controls" aria-label="WG-4 topography controls">
          <label>Seed <input id="worldgen-seed" type="text" value="interlink-wg4"></label>
          <label>Coarse physical level <input id="worldgen-coarse-level" type="number" min="0" max="6" value="4"></label>
          <label>Fine terrain level <input id="worldgen-level" type="number" min="0" max="7" value="6"></label>
          <label>Plate count <input id="worldgen-plates" type="number" min="4" max="48" value="16"></label>
          <label>Projection <select id="worldgen-projection"><option value="globe">Orthographic globe</option><option value="map">Equirectangular map</option></select></label>
          <label>Diagnostic <select id="worldgen-visualization">
            <optgroup label="Physical surface"><option value="relative-elevation" selected>Elevation above sea level</option><option value="solid-elevation">Solid elevation / datum</option><option value="land-water">Land / water</option><option value="water-depth">Bathymetry / water depth</option></optgroup>
            <optgroup label="Topographic forcing"><option value="isostatic">Isostatic support</option><option value="thermal">Oceanic thermal subsidence</option><option value="orogenic">Orogenic / collision uplift</option><option value="ridge-relief">Ridge relief</option><option value="rift-basin">Rift / basin subsidence</option><option value="trench-relief">Trench relief</option><option value="arc-relief">Volcanic arc relief</option><option value="mantle-relief">Mantle dynamic support</option></optgroup>
            <optgroup label="Context"><option value="plates">Macro plate ownership</option><option value="geological-boundaries">Inherited geological boundaries</option></optgroup>
          </select></label>
          <button id="worldgen-generate" type="button">Generate topography</button>
        </section>
        <p id="worldgen-status" class="worldgen-lab-status">Initializing Planet Engine Worker…</p>
        <section class="worldgen-lab-grid"><div class="worldgen-lab-viewport"><canvas id="worldgen-field" aria-label="WG-4 physical topography diagnostics"></canvas></div><aside><h2>Physical diagnostics</h2><div id="worldgen-metrics" class="worldgen-lab-metrics"></div><div class="worldgen-lab-note"><strong>WG-4 scope</strong><p>The solid surface combines crustal isostatic support, oceanic age subsidence, collision/ridge/rift/subduction morphology, inherited basin tendency, broad mantle support, and lithospheric mechanical filtering.</p><p>Earth-like surface-water mass is converted to a physical volume and solved against the generated basin geometry to derive sea level, bathymetry, and initial land/ocean distribution.</p><p>This is pre-erosional tectonic topography. No climate, drainage, river incision, sediment transport, glaciation, detailed lithology, resource deposits, Regions, Features, or gameplay cutover are generated here.</p></div></aside></section>
      </main>
      <script type="module" src="dist/worldgen/diagnostics/worldgenTopographyLabStandalone.js"></script>
    </body>
    </html>
    
  operator: 'match'
  stack: |-
    TestContext.<anonymous> (/home/runner/work/Planet-Engine/Planet-Engine/tests/pages.test.ts:12:10)
    Test.runInAsyncScope (node:async_hooks:214:14)
    Test.run (node:internal/test_runner/test:1047:25)
    Test.start (node:internal/test_runner/test:944:17)
    startSubtestAfterBootstrap (node:internal/test_runner/harness:296:17)
  ...
# Subtest: WG-3.75 globe interaction coalesces pointer motion to animation frames
ok 2 - WG-3.75 globe interaction coalesces pointer motion to animation frames
  ---
  duration_ms: 1.351294
  type: 'test'
  ...
# Subtest: WG-3.75 renderer reuses projection storage and canvas backing dimensions
ok 3 - WG-3.75 renderer reuses projection storage and canvas backing dimensions
  ---
  duration_ms: 0.25159
  type: 'test'
  ...
# Subtest: WG-3.75 renderer caches and batches static display styles
ok 4 - WG-3.75 renderer caches and batches static display styles
  ---
  duration_ms: 0.216404
  type: 'test'
  ...
# Subtest: WG-4 browser protocol v7 exposes bounded coarse-to-fine topography generation
ok 5 - WG-4 browser protocol v7 exposes bounded coarse-to-fine topography generation
  ---
  duration_ms: 1.809751
  type: 'test'
  ...
# Subtest: WG-4 lab exposes causal terrain components and keeps downstream stages out of scope
ok 6 - WG-4 lab exposes causal terrain components and keeps downstream stages out of scope
  ---
  duration_ms: 0.510773
  type: 'test'
  ...
# Subtest: WG-4 renderer preserves the high-resolution interaction performance contract
ok 7 - WG-4 renderer preserves the high-resolution interaction performance contract
  ---
  duration_ms: 0.232795
  type: 'test'
  ...
# Subtest: Planet Engine browser protocol v6 preserves prior stages and adds bounded WG-3.75 inheritance transport
not ok 8 - Planet Engine browser protocol v6 preserves prior stages and adds bounded WG-3.75 inheritance transport
  ---
  duration_ms: 1.773833
  type: 'test'
  location: '/home/runner/work/Planet-Engine/Planet-Engine/tests/worldgenRewrite.test.ts:56:1'
  failureType: 'testCodeFailure'
  error: |-
    Expected values to be strictly equal:
    
    7 !== 6
    
  code: 'ERR_ASSERTION'
  name: 'AssertionError'
  expected: 6
  actual: 7
  operator: 'strictEqual'
  stack: |-
    TestContext.<anonymous> (/home/runner/work/Planet-Engine/Planet-Engine/tests/worldgenRewrite.test.ts:57:10)
    Test.runInAsyncScope (node:async_hooks:214:14)
    Test.run (node:internal/test_runner/test:1047:25)
    Test.start (node:internal/test_runner/test:944:17)
    startSubtestAfterBootstrap (node:internal/test_runner/harness:296:17)
  ...
# Subtest: new Planet Engine source stays independent from legacy gameplay world objects
ok 9 - new Planet Engine source stays independent from legacy gameplay world objects
  ---
  duration_ms: 1.121795
  type: 'test'
  ...
# Subtest: WG-3.75 lab renders multiresolution inheritance and fine boundary provenance without terrain
not ok 10 - WG-3.75 lab renders multiresolution inheritance and fine boundary provenance without terrain
  ---
  duration_ms: 0.638753
  type: 'test'
  location: '/home/runner/work/Planet-Engine/Planet-Engine/tests/worldgenRewrite.test.ts:157:1'
  failureType: 'testCodeFailure'
  error: |-
    The input did not match the regular expression /WORLDGEN REWRITE · WG-3\.75/. Input:
    
    '<!DOCTYPE html>\n' +
      '<html lang="en">\n' +
      '<head>\n' +
      '  <meta charset="UTF-8">\n' +
      '  <meta name="viewport" content="width=device-width, initial-scale=1.0">\n' +
      '  <title>Planet Engine · WG-4 Lab</title>\n' +
      '  <link rel="stylesheet" href="styles/base.css">\n' +
      '  <link rel="stylesheet" href="styles/worldgenLab.css">\n' +
      '</head>\n' +
      '<body class="worldgen-lab-body">\n' +
      '  <main class="worldgen-lab">\n' +
      '    <header class="worldgen-lab-header"><div><p class="worldgen-lab-kicker">PLANET ENGINE · WG-4</p><h1>PLANET ENGINE LAB</h1><p>Initial physical topography derived from inherited crust, tectonic boundary provenance, lithospheric mechanics, mantle support, and an explicit global water-volume solve.</p></div></header>\n' +
      '    <section class="worldgen-lab-controls" aria-label="WG-4 topography controls">\n' +
      '      <label>Seed <input id="worldgen-seed" type="text" value="interlink-wg4"></label>\n' +
      '      <label>Coarse physical level <input id="worldgen-coarse-level" type="number" min="0" max="6" value="4"></label>\n' +
      '      <label>Fine terrain level <input id="worldgen-level" type="number" min="0" max="7" value="6"></label>\n' +
      '      <label>Plate count <input id="worldgen-plates" type="number" min="4" max="48" value="16"></label>\n' +
      '      <label>Projection <select id="worldgen-projection"><option value="globe">Orthographic globe</option><option value="map">Equirectangular map</option></select></label>\n' +
      '      <label>Diagnostic <select id="worldgen-visualization">\n' +
      '        <optgroup label="Physical surface"><option value="relative-elevation" selected>Elevation above sea level</option><option value="solid-elevation">Solid elevation / datum</option><option value="land-water">Land / water</option><option value="water-depth">Bathymetry / water depth</option></optgroup>\n' +
      '        <optgroup label="Topographic forcing"><option value="isostatic">Isostatic support</option><option value="thermal">Oceanic thermal subsidence</option><option value="orogenic">Orogenic / collision uplift</option><option value="ridge-relief">Ridge relief</option><option value="rift-basin">Rift / basin subsidence</option><option value="trench-relief">Trench relief</option><option value="arc-relief">Volcanic arc relief</option><option value="mantle-relief">Mantle dynamic support</option></optgroup>\n' +
      '        <optgroup label="Context"><option value="plates">Macro plate ownership</option><option value="geological-boundaries">Inherited geological boundaries</option></optgroup>\n' +
      '      </select></label>\n' +
      '      <button id="worldgen-generate" type="button">Generate topography</button>\n' +
      '    </section>\n' +
      '    <p id="worldgen-status" class="worldgen-lab-status">Initializing Planet Engine Worker…</p>\n' +
      '    <section class="worldgen-lab-grid"><div class="worldgen-lab-viewport"><canvas id="worldgen-field" aria-label="WG-4 physical topography diagnostics"></canvas></div><aside><h2>Physical diagnostics</h2><div id="worldgen-metrics" class="worldgen-lab-metrics"></div><div class="worldgen-lab-note"><strong>WG-4 scope</strong><p>The solid surface combines crustal isostatic support, oceanic age subsidence, collision/ridge/rift/subduction morphology, inherited basin tendency, broad mantle support, and lithospheric mechanical filtering.</p><p>Earth-like surface-water mass is converted to a physical volume and solved against the generated basin geometry to derive sea level, bathymetry, and initial land/ocean distribution.</p><p>This is pre-erosional tectonic topography. No climate, drainage, river incision, sediment transport, glaciation, detailed lithology, resource deposits, Regions, Features, or gameplay cutover are generated here.</p></div></aside></section>\n' +
      '  </main>\n' +
      '  <script type="module" src="dist/worldgen/diagnostics/worldgenTopographyLabStandalone.js"></script>\n' +
      '</body>\n' +
      '</html>\n'
    
  code: 'ERR_ASSERTION'
  name: 'AssertionError'
  expected:
  actual: |-
    <!DOCTYPE html>
    <html lang="en">
    <head>
      <meta charset="UTF-8">
      <meta name="viewport" content="width=device-width, initial-scale=1.0">
      <title>Planet Engine · WG-4 Lab</title>
      <link rel="stylesheet" href="styles/base.css">
      <link rel="stylesheet" href="styles/worldgenLab.css">
    </head>
    <body class="worldgen-lab-body">
      <main class="worldgen-lab">
        <header class="worldgen-lab-header"><div><p class="worldgen-lab-kicker">PLANET ENGINE · WG-4</p><h1>PLANET ENGINE LAB</h1><p>Initial physical topography derived from inherited crust, tectonic boundary provenance, lithospheric mechanics, mantle support, and an explicit global water-volume solve.</p></div></header>
        <section class="worldgen-lab-controls" aria-label="WG-4 topography controls">
          <label>Seed <input id="worldgen-seed" type="text" value="interlink-wg4"></label>
          <label>Coarse physical level <input id="worldgen-coarse-level" type="number" min="0" max="6" value="4"></label>
          <label>Fine terrain level <input id="worldgen-level" type="number" min="0" max="7" value="6"></label>
          <label>Plate count <input id="worldgen-plates" type="number" min="4" max="48" value="16"></label>
          <label>Projection <select id="worldgen-projection"><option value="globe">Orthographic globe</option><option value="map">Equirectangular map</option></select></label>
          <label>Diagnostic <select id="worldgen-visualization">
            <optgroup label="Physical surface"><option value="relative-elevation" selected>Elevation above sea level</option><option value="solid-elevation">Solid elevation / datum</option><option value="land-water">Land / water</option><option value="water-depth">Bathymetry / water depth</option></optgroup>
            <optgroup label="Topographic forcing"><option value="isostatic">Isostatic support</option><option value="thermal">Oceanic thermal subsidence</option><option value="orogenic">Orogenic / collision uplift</option><option value="ridge-relief">Ridge relief</option><option value="rift-basin">Rift / basin subsidence</option><option value="trench-relief">Trench relief</option><option value="arc-relief">Volcanic arc relief</option><option value="mantle-relief">Mantle dynamic support</option></optgroup>
            <optgroup label="Context"><option value="plates">Macro plate ownership</option><option value="geological-boundaries">Inherited geological boundaries</option></optgroup>
          </select></label>
          <button id="worldgen-generate" type="button">Generate topography</button>
        </section>
        <p id="worldgen-status" class="worldgen-lab-status">Initializing Planet Engine Worker…</p>
        <section class="worldgen-lab-grid"><div class="worldgen-lab-viewport"><canvas id="worldgen-field" aria-label="WG-4 physical topography diagnostics"></canvas></div><aside><h2>Physical diagnostics</h2><div id="worldgen-metrics" class="worldgen-lab-metrics"></div><div class="worldgen-lab-note"><strong>WG-4 scope</strong><p>The solid surface combines crustal isostatic support, oceanic age subsidence, collision/ridge/rift/subduction morphology, inherited basin tendency, broad mantle support, and lithospheric mechanical filtering.</p><p>Earth-like surface-water mass is converted to a physical volume and solved against the generated basin geometry to derive sea level, bathymetry, and initial land/ocean distribution.</p><p>This is pre-erosional tectonic topography. No climate, drainage, river incision, sediment transport, glaciation, detailed lithology, resource deposits, Regions, Features, or gameplay cutover are generated here.</p></div></aside></section>
      </main>
      <script type="module" src="dist/worldgen/diagnostics/worldgenTopographyLabStandalone.js"></script>
    </body>
    </html>
    
  operator: 'match'
  stack: |-
    TestContext.<anonymous> (/home/runner/work/Planet-Engine/Planet-Engine/tests/worldgenRewrite.test.ts:159:10)
    Test.runInAsyncScope (node:async_hooks:214:14)
    Test.run (node:internal/test_runner/test:1047:25)
    Test.processPendingSubtests (node:internal/test_runner/test:744:18)
    Test.postRun (node:internal/test_runner/test:1173:19)
    Test.run (node:internal/test_runner/test:1101:12)
    async Test.processPendingSubtests (node:internal/test_runner/test:744:7)
  ...
1..10
# tests 10
# suites 0
# pass 7
# fail 3
# cancelled 0
# skipped 0
# todo 0
# duration_ms 443.52587
exit_status=1
===== rust-tests =====
[1m[92m    Updating[0m crates.io index
[1m[92m Downloading[0m crates ...
[1m[92m  Downloaded[0m cfg-if v1.0.4
[1m[92m  Downloaded[0m wasm-bindgen-macro v0.2.127
[1m[92m  Downloaded[0m wasm-bindgen-shared v0.2.127
[1m[92m  Downloaded[0m proc-macro2 v1.0.107
[1m[92m  Downloaded[0m rustversion v1.0.23
[1m[92m  Downloaded[0m once_cell v1.21.4
[1m[92m  Downloaded[0m quote v1.0.47
[1m[92m  Downloaded[0m unicode-ident v1.0.24
[1m[92m  Downloaded[0m wasm-bindgen v0.2.127
[1m[92m  Downloaded[0m wasm-bindgen-macro-support v0.2.127
[1m[92m  Downloaded[0m bumpalo v3.20.3
[1m[92m  Downloaded[0m syn v2.0.119
[1m[92m   Compiling[0m proc-macro2 v1.0.107
[1m[92m   Compiling[0m unicode-ident v1.0.24
[1m[92m   Compiling[0m quote v1.0.47
[1m[92m   Compiling[0m wasm-bindgen-shared v0.2.127
[1m[92m   Compiling[0m rustversion v1.0.23
[1m[92m   Compiling[0m interlink-worldgen v0.1.0 (/home/runner/work/Planet-Engine/Planet-Engine/rust/interlink-worldgen)
[1m[92m   Compiling[0m bumpalo v3.20.3
[1m[92m   Compiling[0m wasm-bindgen v0.2.127
[1m[33mwarning[0m[1m: function `normalize` is never used[0m
   [1m[94m--> [0mrust/interlink-worldgen/src/lithosphere.rs:151:4
    [1m[94m|[0m
[1m[94m151[0m [1m[94m|[0m fn normalize(value: [f64; 3]) -> [f64; 3] {
    [1m[94m|[0m    [1m[33m^^^^^^^^^[0m
    [1m[94m|[0m
    [1m[94m= [0m[1mnote[0m: `#[warn(dead_code)]` (part of `#[warn(unused)]`) on by default

[1m[92m   Compiling[0m cfg-if v1.0.4
[1m[92m   Compiling[0m once_cell v1.21.4
[1m[92m   Compiling[0m syn v2.0.119
[1m[33mwarning[0m: `interlink-worldgen` (lib) generated 1 warning
[1m[92m   Compiling[0m interlink-worldgen-cli v0.1.0 (/home/runner/work/Planet-Engine/Planet-Engine/rust/interlink-worldgen-cli)
[1m[33mwarning[0m: `interlink-worldgen` (lib test) generated 1 warning (1 duplicate)
[1m[92m   Compiling[0m wasm-bindgen-macro-support v0.2.127
[1m[92m   Compiling[0m wasm-bindgen-macro v0.2.127
[1m[92m   Compiling[0m interlink-worldgen-wasm v0.1.0 (/home/runner/work/Planet-Engine/Planet-Engine/rust/interlink-worldgen-wasm)
[1m[92m    Finished[0m `test` profile [unoptimized + debuginfo] target(s) in 8.13s
[1m[92m     Running[0m unittests src/lib.rs (target/debug/deps/interlink_worldgen-53d01dd8a34fd245)

running 43 tests
test coordinates::tests::geodetic_round_trip_is_stable_away_from_pole_longitude_degeneracy ... ok
test coordinates::tests::great_circle_distance_matches_quarter_circumference ... ok
test coordinates::tests::meter_scale_enu_coordinates_round_trip_on_an_earth_sized_globe ... ok
test coordinates::tests::tangent_basis_is_orthonormal_even_at_the_poles ... ok
test fields::tests::dense_field_validates_shape ... ok
test boundary_refinement::tests::boundary_inheritance_is_deterministic ... ok
test geology::tests::continental_and_oceanic_crust_have_physically_distinct_age_and_thickness_distributions ... ok
test geology::tests::crust_generation_is_deterministic_complete_and_mixed_within_plates ... ok
test geology::tests::derived_plate_scale_classes_are_area_based_and_do_not_replace_physical_area ... ok
test geology::tests::geological_boundaries_preserve_every_tectonic_edge_and_assign_causal_regimes ... ok
test boundary_refinement::tests::every_fine_macro_boundary_has_matching_coarse_provenance ... ok
test geology::tests::history_fields_are_bounded_and_crust_responds_to_orogeny_and_rifting ... ok
test parameters::tests::alternate_rocky_profiles_can_change_water_inventory_without_changing_default ... ok
test parameters::tests::earthlike_reference_is_physically_valid_and_has_expected_derived_scale ... ok
test random::tests::stage_namespaces_are_stable_and_isolated ... ok
test refinement::physical_inheritance_tests::accepted_wg2_wg3_wg35_truth_is_exact_on_inherited_samples ... ok
test refinement::physical_inheritance_tests::domain_constrained_interpolation_does_not_average_across_a_categorical_boundary ... ok
test lithosphere::tests::lithosphere_is_deterministic_and_seed_sensitive ... ok
test refinement::tests::backwards_refinement_is_rejected ... ok
test lithosphere::tests::fragments_are_selective_and_never_cross_parent_macro_plates ... ok
test refinement::tests::categorical_refinement_is_deterministic_complete_and_preserves_coarse_truth ... ok
test lithosphere::tests::stable_old_crust_is_stronger_than_high_strain_crust_in_ensemble ... ok
test refinement::physical_inheritance_tests::physical_inheritance_is_deterministic_and_profile_identity_is_explicit ... ok
test tectonics::tests::boundaries_connect_different_plates_and_partition_all_boundary_edges ... ok
test tectonics::tests::every_plate_is_nonempty_connected_and_owns_its_seed ... ok
test tectonics::tests::rigid_plate_velocity_is_tangent_to_the_sphere ... ok
test tectonics::tests::tectonic_generation_is_deterministic_seed_sensitive_and_complete ... ok
test tests::synthetic_generation_is_deterministic_and_seed_sensitive ... ok
test tests::synthetic_generation_reports_dense_field_statistics ... ok
test refinement::tests::scalar_refinement_preserves_every_coarse_sample_exactly ... ok
test topography::tests::dry_profile_has_no_fictitious_ocean ... ok
test tectonics::tests::plate_areas_close_to_the_sphere_and_remain_macro_scale ... ok
test topography::tests::earthlike_water_inventory_is_conserved_by_sea_level_solve ... ok
test topography::tests::inherited_geology_produces_nontrivial_tectonic_relief_components ... ok
test topology::tests::finite_volume_neighbor_geometry_is_positive_symmetric_and_aligned ... ok
test topography::tests::topography_is_deterministic_finite_and_sample_aligned ... ok
test topology::tests::physical_algorithms_can_consume_the_topology_contract_without_icosphere_internals ... ok
test topology::tests::exactly_twelve_sites_are_pentavalent_and_every_other_site_is_hexavalent ... ok
test topology::tests::refinement_preserves_all_existing_sample_ids_and_provenance ... ok
test topology::tests::unit_positions_and_dual_areas_cover_the_sphere ... ok
test topology::tests::hierarchy_obeys_closed_icosphere_counts_and_euler_characteristic ... ok
test refinement::tests::direct_and_staged_scalar_refinement_are_identical ... ok
test topology::tests::topology_hash_is_deterministic_and_level_sensitive ... ok

test result: ok. 43 passed; 0 failed; 0 ignored; 0 measured; 0 filtered out; finished in 2.06s

[1m[92m     Running[0m tests/crust_plate_independence.rs (target/debug/deps/crust_plate_independence-26e4ddd96bdcfe70)

running 1 test
test continental_crust_partition_is_inherited_truth_not_a_present_day_plate_count_artifact ... ok

test result: ok. 1 passed; 0 failed; 0 ignored; 0 measured; 0 filtered out; finished in 0.12s

[1m[92m     Running[0m tests/geology_ensemble.rs (target/debug/deps/geology_ensemble-4ec2e807f53cea23)

running 1 test
test multi_seed_geology_retains_physical_crust_separation_and_causal_history ... ok

test result: ok. 1 passed; 0 failed; 0 ignored; 0 measured; 0 filtered out; finished in 0.24s

[1m[92m     Running[0m tests/tectonic_plate_distribution.rs (target/debug/deps/tectonic_plate_distribution-f5ece165b92b310b)

running 1 test
test macro_plate_partition_retains_meaningful_area_variation_across_reference_seeds ... ok

test result: ok. 1 passed; 0 failed; 0 ignored; 0 measured; 0 filtered out; finished in 0.22s

[1m[92m     Running[0m unittests src/main.rs (target/debug/deps/interlink_worldgen_cli-6e2990b3d035f1a1)

running 0 tests

test result: ok. 0 passed; 0 failed; 0 ignored; 0 measured; 0 filtered out; finished in 0.00s

[1m[92m     Running[0m unittests src/lib.rs (target/debug/deps/interlink_worldgen_wasm-9ce11d1821ae1dae)

running 6 tests
test tests::tectonics_bridge_exposes_complete_partition_and_boundaries ... ok
test tests::topology_bridge_exposes_canonical_counts_and_flux_geometry ... ok
test tests::wasm_protocol_and_engine_versions_are_explicit ... ok
test tests::inheritance_bridge_exposes_fine_physics_and_boundaries ... ok
test tests::geology_bridge_exposes_complete_sample_fields_and_boundary_interpretation ... ok
test tests::lithosphere_bridge_exposes_mechanics_and_refinement_fields ... ok

test result: ok. 6 passed; 0 failed; 0 ignored; 0 measured; 0 filtered out; finished in 0.03s

[1m[92m   Doc-tests[0m interlink_worldgen

running 0 tests

test result: ok. 0 passed; 0 failed; 0 ignored; 0 measured; 0 filtered out; finished in 0.00s

[1m[92m   Doc-tests[0m interlink_worldgen_wasm

running 0 tests

test result: ok. 0 passed; 0 failed; 0 ignored; 0 measured; 0 filtered out; finished in 0.00s

exit_status=0
===== wasm-check =====
[1m[92m   Compiling[0m wasm-bindgen-shared v0.2.127
[1m[92m   Compiling[0m proc-macro2 v1.0.107
[1m[92m   Compiling[0m quote v1.0.47
[1m[92m   Compiling[0m rustversion v1.0.23
[1m[92m   Compiling[0m bumpalo v3.20.3
[1m[92m    Checking[0m unicode-ident v1.0.24
[1m[92m    Checking[0m once_cell v1.21.4
[1m[92m    Checking[0m cfg-if v1.0.4
[1m[92m    Checking[0m interlink-worldgen v0.1.0 (/home/runner/work/Planet-Engine/Planet-Engine/rust/interlink-worldgen)
[1m[92m   Compiling[0m wasm-bindgen v0.2.127
[1m[92m   Compiling[0m syn v2.0.119
[1m[33mwarning[0m[1m: function `normalize` is never used[0m
   [1m[94m--> [0mrust/interlink-worldgen/src/lithosphere.rs:151:4
    [1m[94m|[0m
[1m[94m151[0m [1m[94m|[0m fn normalize(value: [f64; 3]) -> [f64; 3] {
    [1m[94m|[0m    [1m[33m^^^^^^^^^[0m
    [1m[94m|[0m
    [1m[94m= [0m[1mnote[0m: `#[warn(dead_code)]` (part of `#[warn(unused)]`) on by default

[1m[33mwarning[0m: `interlink-worldgen` (lib) generated 1 warning
[1m[92m   Compiling[0m wasm-bindgen-macro-support v0.2.127
[1m[92m   Compiling[0m wasm-bindgen-macro v0.2.127
[1m[92m    Checking[0m interlink-worldgen-wasm v0.1.0 (/home/runner/work/Planet-Engine/Planet-Engine/rust/interlink-worldgen-wasm)
[1m[92m    Finished[0m `dev` profile [unoptimized + debuginfo] target(s) in 8.86s
exit_status=0
validation_failed=1
